[0.005s][info][gc] Using Serial
[3.689s][info][gc] GC(0) Pause Young (Allocation Failure) 4M->2M(15M) 4.913ms
[3.761s][info][gc] GC(1) Pause Young (Allocation Failure) 6M->3M(15M) 2.707ms
[3.806s][info][gc] GC(2) Pause Young (Allocation Failure) 7M->4M(15M) 2.981ms
[3.974s][info][gc] GC(3) Pause Young (Allocation Failure) 8M->4M(15M) 2.541ms
[6.115s][info][gc] GC(4) Pause Young (Allocation Failure) 9M->5M(15M) 5.954ms
[36.528s][info][gc] GC(5) Pause Young (Allocation Failure) 10M->5M(15M) 3.025ms
[36.554s][info][gc] GC(6) Pause Young (Allocation Failure) 10M->8M(15M) 3.556ms
[36.571s][info][gc] GC(7) Pause Young (Allocation Failure) 12M->10M(15M) 3.185ms
[36.583s][info][gc] GC(8) Pause Young (Allocation Failure) 15M->15M(15M) 0.022ms
[36.603s][info][gc] GC(9) Pause Full (Allocation Failure) 15M->9M(15M) 20.395ms
[36.616s][info][gc] GC(10) Pause Young (Allocation Failure) 13M->13M(15M) 0.027ms
[36.634s][info][gc] GC(11) Pause Full (Allocation Failure) 13M->10M(15M) 18.021ms
[36.643s][info][gc] GC(12) Pause Young (Allocation Failure) 14M->14M(15M) 0.023ms
[36.662s][info][gc] GC(13) Pause Full (Allocation Failure) 14M->11M(15M) 19.376ms
[36.687s][info][gc] GC(14) Pause Full (Allocation Failure) 15M->6M(15M) 16.146ms
[45.282s][info][gc] GC(15) Pause Young (Allocation Failure) 10M->8M(15M) 4.946ms
[84.389s][info][gc] GC(16) Pause Young (Allocation Failure) 12M->8M(15M) 1.830ms
[89.840s][info][gc] GC(17) Pause Young (Allocation Failure) 12M->10M(15M) 3.768ms
[89.851s][info][gc] GC(18) Pause Young (Allocation Failure) 14M->14M(15M) 0.028ms
[89.872s][info][gc] GC(19) Pause Full (Allocation Failure) 14M->8M(15M) 20.961ms
[89.880s][info][gc] GC(20) Pause Young (Allocation Failure) 13M->13M(15M) 0.019ms
[89.900s][info][gc] GC(21) Pause Full (Allocation Failure) 13M->11M(15M) 19.757ms
[89.933s][info][gc] GC(22) Pause Full (Allocation Failure) 15M->13M(15M) 24.049ms
[89.963s][info][gc] GC(23) Pause Full (Allocation Failure) 15M->13M(15M) 24.495ms
[89.990s][info][gc] GC(24) Pause Full (Allocation Failure) 15M->14M(15M) 22.368ms
[90.015s][info][gc] GC(25) Pause Full (Allocation Failure) 15M->15M(15M) 22.196ms
[90.039s][info][gc] GC(26) Pause Full (Allocation Failure) 15M->15M(15M) 21.673ms
[90.061s][info][gc] GC(27) Pause Full (Allocation Failure) 15M->15M(15M) 21.072ms
[90.078s][info][gc] GC(28) Pause Full (Allocation Failure) 15M->6M(15M) 14.110ms
[90.086s][info][gc] GC(29) Pause Young (Allocation Failure) 10M->9M(15M) 3.017ms
[104.564s][info][gc] GC(30) Pause Young (Allocation Failure) 13M->13M(15M) 0.110ms
[104.603s][info][gc] GC(31) Pause Full (Allocation Failure) 13M->6M(15M) 38.816ms
[145.756s][info][gc] GC(32) Pause Young (Allocation Failure) 11M->6M(15M) 2.526ms
